// Jest Snapshot v1, https://goo.gl/fbAQLP

exports[`FilterBar renders correctly 1`] = `
<div
  className="c-FilterBar"
>
  <div
    className="c-FilterBar-spend-container"
  >
    <span
      className="c-FilterBar-filter-title"
    >
      Spend: 
    </span>
    €0 - €5000
    <div
      className="c-FilterBar-filter-input"
    >
      <div
        className="ant-slider ant-slider-with-marks c-FilterBar-spend-slider"
        onBlur={[Function]}
        onFocus={[Function]}
        onKeyDown={[Function]}
        onMouseDown={[Function]}
        onMouseUp={[Function]}
        onTouchStart={[Function]}
      >
        <div
          className="ant-slider-rail"
          style={Object {}}
        />
        <div
          className="ant-slider-track ant-slider-track-1"
          style={
            Object {
              "left": "0%",
              "right": "auto",
              "width": "100%",
            }
          }
        />
        <div
          className="ant-slider-step"
        >
          <span
            className="ant-slider-dot ant-slider-dot-active"
            style={
              Object {
                "left": "0%",
              }
            }
          />
          <span
            className="ant-slider-dot ant-slider-dot-active"
            style={
              Object {
                "left": "100%",
              }
            }
          />
        </div>
        <div
          aria-disabled={false}
          aria-valuemax={5000}
          aria-valuemin={0}
          aria-valuenow={0}
          className="ant-slider-handle ant-slider-handle-1"
          onBlur={[Function]}
          onKeyDown={[Function]}
          onMouseDown={[Function]}
          onMouseEnter={[Function]}
          onMouseLeave={[Function]}
          role="slider"
          style={
            Object {
              "left": "0%",
              "right": "auto",
              "transform": "translateX(-50%)",
            }
          }
          tabIndex={0}
        />
        <div
          aria-disabled={false}
          aria-valuemax={5000}
          aria-valuemin={0}
          aria-valuenow={5000}
          className="ant-slider-handle ant-slider-handle-2"
          onBlur={[Function]}
          onKeyDown={[Function]}
          onMouseDown={[Function]}
          onMouseEnter={[Function]}
          onMouseLeave={[Function]}
          role="slider"
          style={
            Object {
              "left": "100%",
              "right": "auto",
              "transform": "translateX(-50%)",
            }
          }
          tabIndex={0}
        />
        <div
          className="ant-slider-mark"
        >
          <span
            className="ant-slider-mark-text ant-slider-mark-text-active"
            onMouseDown={[Function]}
            onTouchStart={[Function]}
            style={
              Object {
                "left": "0%",
                "msTransform": "translateX(-50%)",
                "transform": "translateX(-50%)",
              }
            }
          >
            €0
          </span>
          <span
            className="ant-slider-mark-text ant-slider-mark-text-active"
            onMouseDown={[Function]}
            onTouchStart={[Function]}
            style={
              Object {
                "left": "100%",
                "msTransform": "translateX(-50%)",
                "transform": "translateX(-50%)",
              }
            }
          >
            €5000
          </span>
        </div>
      </div>
    </div>
  </div>
  <div
    className="c-FilterBar-region-container"
  >
    <span
      className="c-FilterBar-filter-title"
    >
      Region
    </span>
    <div
      className="c-FilterBar-filter-input"
    >
      <div
        className="ant-select c-FilterBar-region-select ant-select-multiple ant-select-show-arrow ant-select-show-search"
        onBlur={[Function]}
        onFocus={[Function]}
        onKeyDown={[Function]}
        onKeyUp={[Function]}
        onMouseDown={[Function]}
        style={
          Object {
            "width": "100%",
          }
        }
      >
        <div
          className="ant-select-selector"
          onClick={[Function]}
          onMouseDown={[Function]}
        >
          <div
            className="ant-select-selection-overflow"
          >
            <div
              className="ant-select-selection-overflow-item ant-select-selection-overflow-item-suffix"
              style={
                Object {
                  "height": undefined,
                  "opacity": 1,
                  "order": undefined,
                  "overflowY": undefined,
                  "pointerEvents": undefined,
                  "position": undefined,
                }
              }
            >
              <div
                className="ant-select-selection-search"
                onBlur={[Function]}
                onFocus={[Function]}
                style={
                  Object {
                    "width": 0,
                  }
                }
              >
                <input
                  aria-activedescendant="undefined_list_0"
                  aria-autocomplete="list"
                  aria-controls="undefined_list"
                  aria-haspopup="listbox"
                  aria-owns="undefined_list"
                  autoComplete="off"
                  className="ant-select-selection-search-input"
                  onChange={[Function]}
                  onCompositionEnd={[Function]}
                  onCompositionStart={[Function]}
                  onKeyDown={[Function]}
                  onMouseDown={[Function]}
                  onPaste={[Function]}
                  readOnly={true}
                  role="combobox"
                  style={
                    Object {
                      "opacity": 0,
                    }
                  }
                  type="search"
                  unselectable="on"
                  value=""
                />
                <span
                  aria-hidden={true}
                  className="ant-select-selection-search-mirror"
                >
                  
                   
                </span>
              </div>
            </div>
          </div>
          <span
            className="ant-select-selection-placeholder"
          >
            Region
          </span>
        </div>
        <span
          aria-hidden={true}
          className="ant-select-arrow"
          onMouseDown={[Function]}
          style={
            Object {
              "WebkitUserSelect": "none",
              "userSelect": "none",
            }
          }
          unselectable="on"
        >
          <span
            aria-label="down"
            className="anticon anticon-down ant-select-suffix"
            role="img"
          >
            <svg
              aria-hidden="true"
              data-icon="down"
              fill="currentColor"
              focusable="false"
              height="1em"
              viewBox="64 64 896 896"
              width="1em"
            >
              <path
                d="M884 256h-75c-5.1 0-9.9 2.5-12.9 6.6L512 654.2 227.9 262.6c-3-4.1-7.8-6.6-12.9-6.6h-75c-6.5 0-10.3 7.4-6.5 12.7l352.6 486.1c12.8 17.6 39 17.6 51.7 0l352.6-486.1c3.9-5.3.1-12.7-6.4-12.7z"
              />
            </svg>
          </span>
        </span>
      </div>
    </div>
  </div>
  <div
    className="c-FilterBar-gender-container"
  >
    <span
      className="c-FilterBar-filter-title"
    >
      Gender
    </span>
    <div
      className="c-FilterBar-filter-input"
    >
      <div
        className="ant-radio-group ant-radio-group-outline c-FilterBar-gender-radios"
      >
        <label
          className="ant-radio-wrapper ant-radio-wrapper-checked"
        >
          <span
            className="ant-radio ant-radio-checked"
            style={Object {}}
          >
            <input
              checked={true}
              className="ant-radio-input"
              name="gender-radio-group"
              onBlur={[Function]}
              onChange={[Function]}
              onFocus={[Function]}
              onKeyDown={[Function]}
              onKeyPress={[Function]}
              onKeyUp={[Function]}
              type="radio"
              value="ALL"
            />
            <span
              className="ant-radio-inner"
            />
          </span>
          <span>
            All
          </span>
        </label>
        <label
          className="ant-radio-wrapper"
        >
          <span
            className="ant-radio"
            style={Object {}}
          >
            <input
              checked={false}
              className="ant-radio-input"
              name="gender-radio-group"
              onBlur={[Function]}
              onChange={[Function]}
              onFocus={[Function]}
              onKeyDown={[Function]}
              onKeyPress={[Function]}
              onKeyUp={[Function]}
              type="radio"
              value="MALE"
            />
            <span
              className="ant-radio-inner"
            />
          </span>
          <span>
            Male
          </span>
        </label>
        <label
          className="ant-radio-wrapper"
        >
          <span
            className="ant-radio"
            style={Object {}}
          >
            <input
              checked={false}
              className="ant-radio-input"
              name="gender-radio-group"
              onBlur={[Function]}
              onChange={[Function]}
              onFocus={[Function]}
              onKeyDown={[Function]}
              onKeyPress={[Function]}
              onKeyUp={[Function]}
              type="radio"
              value="FEMALE"
            />
            <span
              className="ant-radio-inner"
            />
          </span>
          <span>
            Female
          </span>
        </label>
      </div>
    </div>
  </div>
</div>
`;
